[www.target.com/index.html]
[assets.targetimg1.com/ui/nicollet.7f785b74.js]
[assets.targetimg1.com/ui/vendor.641c7c81.js]
[assets.targetimg1.com/ui/client.58ee2557.js]
[assets.targetimg1.com/ui/home.d1f98dd9.js]
[assets.targetimg1.com/ui/vendors_add-to-cart-container_add-to-cart-drawer_available-near-you_axiom-release-id-history_bia-ais_2babb543.90859b49.js]
[assets.targetimg1.com/ui/vendors_brands_buy-it-again_content_fit-finder_fit-finder-content_mix-and-match-container_my-target__b9104162.820013f7.js]
[assets.targetimg1.com/ui/vendors_content_pdp.f157379f.js]
[assets.targetimg1.com/ui/content.72b9c8c2.js]
[assets.targetimg1.com/ui/manifest6654.json]
[assets.targetimg1.com/ui/opensearchdescription.xml]
[backblue.gif]
[fade.gif]
[index.html]
[assets.targetimg1.com/static/images/favicon.ico]
[assets.targetimg1.com/static/images/apple-touch-icon-precomposed.png]
[assets.targetimg1.com/static/images/favicon-96x96.png]
[assets.targetimg1.com/static/images/favicon-32x32.png]
[assets.targetimg1.com/static/images/favicon-16x16.png]
[ur-ikoley.userreplay.net/noscript.gif]
[www.target.com/index.html]
[target.scene7.com/index.html]
[assets.targetimg1.com/index.html]
